[INFO]    Initialized logging in results\pabot_results
[INFO]    Robot Framework remote server at 127.0.0.1:8270 started.
[DEBUG]   Storing .pabotsuitenames file
[DEBUG]   2026-05-06 12:05:11.993222 [PID:14856] [0] [ID:0] EXECUTING Suites.Tables
[DEBUG]   2026-05-06 12:05:11.993440 [PID:7392] [1] [ID:1] EXECUTING Suites.Test
[DEBUG]   2026-05-06 12:05:17.043106 [PID:14856] [0] [ID:0] still running Suites.Tables after 5.0s
[DEBUG]   2026-05-06 12:05:17.107653 [PID:7392] [1] [ID:1] still running Suites.Test after 5.0s
[INFO]    2026-05-06 12:05:20.582192 [PID:14856] [0] [ID:0] PASSED Suites.Tables in 8.6 seconds
[DEBUG]   2026-05-06 12:05:27.160557 [PID:7392] [1] [ID:1] still running Suites.Test after 15.0s
[DEBUG]   2026-05-06 12:05:42.245621 [PID:7392] [1] [ID:1] still running Suites.Test after 30.0s
[INFO]    2026-05-06 12:05:52.418125 [PID:7392] [1] [ID:1] PASSED Suites.Test in 40.4 seconds
[INFO]    2 tests, 2 passed, 0 failed, 0 skipped.
[INFO]    ===================================================
[INFO]    Output:  C:\Users\Hp\OneDrive\Desktop\ram\results\output.xml
[INFO]    Log:     C:\Users\Hp\OneDrive\Desktop\ram\results\log.html
[INFO]    Report:  C:\Users\Hp\OneDrive\Desktop\ram\results\report.html
[DEBUG]   Finalizing Pabot execution...
[DEBUG]   Stopping PabotLib process
[INFO]    Robot Framework remote server at 127.0.0.1:8270 stopped.
[DEBUG]   PabotLib process stopped
[INFO]    Total testing: 49.0 seconds
[INFO]    Elapsed time:  41.38 seconds
[DEBUG]   Logs flushed successfully.
